// Jest Snapshot v1, https://goo.gl/fbAQLP

exports[`UserList renders a snapshot properly 1`] = `
<div>
  <h4
    className="box title is-4"
  >
    chriswoo
  </h4>
  <h4
    className="box title is-4"
  >
    johndoe
  </h4>
</div>
`;
